EXACT_MANIFEST_PASS 0 60x21x128
EXACT_MANIFEST_PASS 1 60x21x128
EXACT_MANIFEST_PASS 2 60x21x128
EXACT_MANIFEST_PASS 3 60x21x128
EXACT_MANIFEST_PASS 4 60x21x128
TAIL0_EQUIVALENCE_PASS 0
TAIL0_EQUIVALENCE_PASS 1
TAIL0_EQUIVALENCE_PASS 2
TAIL0_EQUIVALENCE_PASS 3
TAIL0_EQUIVALENCE_PASS 4
[OpenBMI fold=0 seed=fold0 LiteBN-LightTail] epoch=01 CE=0.7251 valBA=0.5767
[OpenBMI fold=0 seed=fold0 LiteBN-LightTail] epoch=05 CE=0.5835 valBA=0.6283
[OpenBMI fold=0 seed=fold0 LiteBN-LightTail] epoch=10 CE=0.5241 valBA=0.6700
[OpenBMI fold=0 seed=fold0 LiteBN-LightTail] epoch=13 CE=0.4971 valBA=0.6717
[OpenBMI fold=0 seed=fold0 LiteBN-LightTail] epoch=15 CE=0.4718 valBA=0.6850
[OpenBMI fold=0 seed=fold0 LiteBN-LightTail] epoch=20 CE=0.4512 valBA=0.6833
[OpenBMI fold=0 seed=fold0 LiteBN-LightTail] epoch=25 CE=0.4285 valBA=0.6550
[OpenBMI fold=0 seed=fold0 LiteBN-LightTail] epoch=28 CE=0.4051 valBA=0.6867
[OpenBMI fold=0 seed=fold0 LiteBN-LightTail] epoch=29 CE=0.4133 valBA=0.6883
[OpenBMI fold=0 seed=fold0 LiteBN-LightTail] epoch=30 CE=0.3910 valBA=0.6583
[OpenBMI fold=0 seed=fold0 LiteBN-LightTail] epoch=31 CE=0.4222 valBA=0.7117
[OpenBMI fold=0 seed=fold0 LiteBN-LightTail] epoch=35 CE=0.3857 valBA=0.7050
[OpenBMI fold=0 seed=fold0 LiteBN-LightTail] epoch=40 CE=0.3702 valBA=0.7117
[OpenBMI fold=0 seed=fold0 LiteBN-LightTail] epoch=45 CE=0.3576 valBA=0.6867
[OpenBMI fold=0 seed=fold0 LiteBN-LightTail] epoch=50 CE=0.3333 valBA=0.6817
[OpenBMI fold=0 seed=fold0 LiteBN-LightTail] epoch=52 CE=0.3633 valBA=0.7133
[OpenBMI fold=0 seed=fold0 LiteBN-LightTail] epoch=55 CE=0.3291 valBA=0.7000
[OpenBMI fold=0 seed=fold0 LiteBN-LightTail] epoch=60 CE=0.2955 valBA=0.6933
LIGHTTAIL_FOLD_COMPLETE 0
[OpenBMI fold=1 seed=fold1 LiteBN-LightTail] epoch=01 CE=0.7453 valBA=0.5517
[OpenBMI fold=1 seed=fold1 LiteBN-LightTail] epoch=05 CE=0.5974 valBA=0.6350
[OpenBMI fold=1 seed=fold1 LiteBN-LightTail] epoch=10 CE=0.5232 valBA=0.6733
[OpenBMI fold=1 seed=fold1 LiteBN-LightTail] epoch=11 CE=0.5648 valBA=0.7033
[OpenBMI fold=1 seed=fold1 LiteBN-LightTail] epoch=13 CE=0.5282 valBA=0.7067
[OpenBMI fold=1 seed=fold1 LiteBN-LightTail] epoch=14 CE=0.5102 valBA=0.7417
[OpenBMI fold=1 seed=fold1 LiteBN-LightTail] epoch=15 CE=0.5334 valBA=0.7117
[OpenBMI fold=1 seed=fold1 LiteBN-LightTail] epoch=20 CE=0.4735 valBA=0.7417
[OpenBMI fold=1 seed=fold1 LiteBN-LightTail] epoch=22 CE=0.4562 valBA=0.7500
[OpenBMI fold=1 seed=fold1 LiteBN-LightTail] epoch=25 CE=0.4559 valBA=0.7267
[OpenBMI fold=1 seed=fold1 LiteBN-LightTail] epoch=28 CE=0.4487 valBA=0.7517
[OpenBMI fold=1 seed=fold1 LiteBN-LightTail] epoch=30 CE=0.4167 valBA=0.7333
[OpenBMI fold=1 seed=fold1 LiteBN-LightTail] epoch=35 CE=0.4150 valBA=0.7500
[OpenBMI fold=1 seed=fold1 LiteBN-LightTail] epoch=37 CE=0.3889 valBA=0.7583
[OpenBMI fold=1 seed=fold1 LiteBN-LightTail] epoch=38 CE=0.3766 valBA=0.7667
[OpenBMI fold=1 seed=fold1 LiteBN-LightTail] epoch=40 CE=0.3744 valBA=0.7467
[OpenBMI fold=1 seed=fold1 LiteBN-LightTail] epoch=45 CE=0.3698 valBA=0.7683
[OpenBMI fold=1 seed=fold1 LiteBN-LightTail] epoch=50 CE=0.3457 valBA=0.7567
[OpenBMI fold=1 seed=fold1 LiteBN-LightTail] epoch=55 CE=0.3350 valBA=0.7550
[OpenBMI fold=1 seed=fold1 LiteBN-LightTail] epoch=60 CE=0.3006 valBA=0.7567
LIGHTTAIL_FOLD_COMPLETE 1
[OpenBMI fold=2 seed=fold2 LiteBN-LightTail] epoch=01 CE=0.7200 valBA=0.6667
[OpenBMI fold=2 seed=fold2 LiteBN-LightTail] epoch=05 CE=0.5770 valBA=0.7083
[OpenBMI fold=2 seed=fold2 LiteBN-LightTail] epoch=10 CE=0.5108 valBA=0.7300
[OpenBMI fold=2 seed=fold2 LiteBN-LightTail] epoch=12 CE=0.4952 valBA=0.7317
[OpenBMI fold=2 seed=fold2 LiteBN-LightTail] epoch=15 CE=0.4399 valBA=0.7417
[OpenBMI fold=2 seed=fold2 LiteBN-LightTail] epoch=20 CE=0.4295 valBA=0.7300
[OpenBMI fold=2 seed=fold2 LiteBN-LightTail] epoch=21 CE=0.4119 valBA=0.7450
[OpenBMI fold=2 seed=fold2 LiteBN-LightTail] epoch=25 CE=0.3964 valBA=0.7333
[OpenBMI fold=2 seed=fold2 LiteBN-LightTail] epoch=30 CE=0.3649 valBA=0.7250
[OpenBMI fold=2 seed=fold2 LiteBN-LightTail] epoch=34 CE=0.3355 valBA=0.7467
[OpenBMI fold=2 seed=fold2 LiteBN-LightTail] epoch=35 CE=0.3371 valBA=0.7433
[OpenBMI fold=2 seed=fold2 LiteBN-LightTail] epoch=38 CE=0.3425 valBA=0.7550
[OpenBMI fold=2 seed=fold2 LiteBN-LightTail] epoch=40 CE=0.3229 valBA=0.7483
[OpenBMI fold=2 seed=fold2 LiteBN-LightTail] epoch=42 CE=0.3327 valBA=0.7583
[OpenBMI fold=2 seed=fold2 LiteBN-LightTail] epoch=45 CE=0.2913 valBA=0.7600
[OpenBMI fold=2 seed=fold2 LiteBN-LightTail] epoch=50 CE=0.3130 valBA=0.7600
[OpenBMI fold=2 seed=fold2 LiteBN-LightTail] epoch=51 CE=0.2840 valBA=0.7650
[OpenBMI fold=2 seed=fold2 LiteBN-LightTail] epoch=55 CE=0.2659 valBA=0.7483
[OpenBMI fold=2 seed=fold2 LiteBN-LightTail] epoch=59 CE=0.2463 valBA=0.7767
[OpenBMI fold=2 seed=fold2 LiteBN-LightTail] epoch=60 CE=0.2853 valBA=0.7683
LIGHTTAIL_FOLD_COMPLETE 2
[OpenBMI fold=3 seed=fold3 LiteBN-LightTail] epoch=01 CE=0.7183 valBA=0.6200
[OpenBMI fold=3 seed=fold3 LiteBN-LightTail] epoch=05 CE=0.5613 valBA=0.6983
[OpenBMI fold=3 seed=fold3 LiteBN-LightTail] epoch=10 CE=0.5076 valBA=0.7150
[OpenBMI fold=3 seed=fold3 LiteBN-LightTail] epoch=12 CE=0.4756 valBA=0.7233
[OpenBMI fold=3 seed=fold3 LiteBN-LightTail] epoch=15 CE=0.4754 valBA=0.7217
[OpenBMI fold=3 seed=fold3 LiteBN-LightTail] epoch=16 CE=0.4656 valBA=0.7300
[OpenBMI fold=3 seed=fold3 LiteBN-LightTail] epoch=20 CE=0.4207 valBA=0.7417
[OpenBMI fold=3 seed=fold3 LiteBN-LightTail] epoch=25 CE=0.3816 valBA=0.7400
[OpenBMI fold=3 seed=fold3 LiteBN-LightTail] epoch=26 CE=0.3986 valBA=0.7450
[OpenBMI fold=3 seed=fold3 LiteBN-LightTail] epoch=28 CE=0.3937 valBA=0.7567
[OpenBMI fold=3 seed=fold3 LiteBN-LightTail] epoch=30 CE=0.3828 valBA=0.7350
[OpenBMI fold=3 seed=fold3 LiteBN-LightTail] epoch=35 CE=0.3583 valBA=0.7267
[OpenBMI fold=3 seed=fold3 LiteBN-LightTail] epoch=40 CE=0.3494 valBA=0.7467
[OpenBMI fold=3 seed=fold3 LiteBN-LightTail] epoch=43 CE=0.3481 valBA=0.7583
[OpenBMI fold=3 seed=fold3 LiteBN-LightTail] epoch=45 CE=0.3303 valBA=0.7150
[OpenBMI fold=3 seed=fold3 LiteBN-LightTail] epoch=50 CE=0.2961 valBA=0.7317
[OpenBMI fold=3 seed=fold3 LiteBN-LightTail] epoch=55 CE=0.3205 valBA=0.7483
[OpenBMI fold=3 seed=fold3 LiteBN-LightTail] epoch=56 CE=0.3078 valBA=0.7683
[OpenBMI fold=3 seed=fold3 LiteBN-LightTail] epoch=60 CE=0.2751 valBA=0.7183
LIGHTTAIL_FOLD_COMPLETE 3
[OpenBMI fold=4 seed=fold4 LiteBN-LightTail] epoch=01 CE=0.7082 valBA=0.5750
[OpenBMI fold=4 seed=fold4 LiteBN-LightTail] epoch=05 CE=0.5357 valBA=0.6450
[OpenBMI fold=4 seed=fold4 LiteBN-LightTail] epoch=10 CE=0.4849 valBA=0.6783
[OpenBMI fold=4 seed=fold4 LiteBN-LightTail] epoch=12 CE=0.4749 valBA=0.6950
[OpenBMI fold=4 seed=fold4 LiteBN-LightTail] epoch=13 CE=0.4864 valBA=0.7083
[OpenBMI fold=4 seed=fold4 LiteBN-LightTail] epoch=15 CE=0.4227 valBA=0.7100
[OpenBMI fold=4 seed=fold4 LiteBN-LightTail] epoch=17 CE=0.4488 valBA=0.7200
[OpenBMI fold=4 seed=fold4 LiteBN-LightTail] epoch=20 CE=0.4022 valBA=0.7050
[OpenBMI fold=4 seed=fold4 LiteBN-LightTail] epoch=21 CE=0.4194 valBA=0.7317
[OpenBMI fold=4 seed=fold4 LiteBN-LightTail] epoch=25 CE=0.3994 valBA=0.7300
[OpenBMI fold=4 seed=fold4 LiteBN-LightTail] epoch=29 CE=0.3502 valBA=0.7400
[OpenBMI fold=4 seed=fold4 LiteBN-LightTail] epoch=30 CE=0.3770 valBA=0.7367
[OpenBMI fold=4 seed=fold4 LiteBN-LightTail] epoch=34 CE=0.3616 valBA=0.7433
[OpenBMI fold=4 seed=fold4 LiteBN-LightTail] epoch=35 CE=0.3318 valBA=0.7483
[OpenBMI fold=4 seed=fold4 LiteBN-LightTail] epoch=40 CE=0.3396 valBA=0.7317
[OpenBMI fold=4 seed=fold4 LiteBN-LightTail] epoch=43 CE=0.3327 valBA=0.7533
[OpenBMI fold=4 seed=fold4 LiteBN-LightTail] epoch=45 CE=0.3186 valBA=0.7383
[OpenBMI fold=4 seed=fold4 LiteBN-LightTail] epoch=50 CE=0.3038 valBA=0.7383
[OpenBMI fold=4 seed=fold4 LiteBN-LightTail] epoch=52 CE=0.2973 valBA=0.7583
[OpenBMI fold=4 seed=fold4 LiteBN-LightTail] epoch=55 CE=0.3190 valBA=0.7450
[OpenBMI fold=4 seed=fold4 LiteBN-LightTail] epoch=60 CE=0.2635 valBA=0.7433
LIGHTTAIL_FOLD_COMPLETE 4
EVALUATED 0 outer
EVALUATED 1 outer
EVALUATED 2 outer
EVALUATED 3 outer
EVALUATED 4 outer
EVALUATED 0 heldout
EVALUATED 1 heldout
EVALUATED 2 heldout
EVALUATED 3 heldout
EVALUATED 4 heldout
LIGHTTAIL_NO_USEFUL_SIGNAL
