PREFLIGHT_PASS OpenBMI_MI 0
PREFLIGHT_PASS OpenBMI_MI 1
PREFLIGHT_PASS OpenBMI_MI 2
PREFLIGHT_PASS OpenBMI_MI 3
PREFLIGHT_PASS OpenBMI_MI 4
[OpenBMI fold=0 seed=OpenBMI_MI_fold0_staticscale LiteBN-StaticScale] epoch=01 CE=0.7193 valBA=0.5783
[OpenBMI fold=0 seed=OpenBMI_MI_fold0_staticscale LiteBN-StaticScale] epoch=05 CE=0.5733 valBA=0.6333
[OpenBMI fold=0 seed=OpenBMI_MI_fold0_staticscale LiteBN-StaticScale] epoch=10 CE=0.5113 valBA=0.6683
[OpenBMI fold=0 seed=OpenBMI_MI_fold0_staticscale LiteBN-StaticScale] epoch=13 CE=0.4839 valBA=0.6750
[OpenBMI fold=0 seed=OpenBMI_MI_fold0_staticscale LiteBN-StaticScale] epoch=15 CE=0.4572 valBA=0.6867
[OpenBMI fold=0 seed=OpenBMI_MI_fold0_staticscale LiteBN-StaticScale] epoch=20 CE=0.4370 valBA=0.6850
[OpenBMI fold=0 seed=OpenBMI_MI_fold0_staticscale LiteBN-StaticScale] epoch=25 CE=0.4142 valBA=0.6583
[OpenBMI fold=0 seed=OpenBMI_MI_fold0_staticscale LiteBN-StaticScale] epoch=29 CE=0.3999 valBA=0.6967
[OpenBMI fold=0 seed=OpenBMI_MI_fold0_staticscale LiteBN-StaticScale] epoch=30 CE=0.3779 valBA=0.6583
[OpenBMI fold=0 seed=OpenBMI_MI_fold0_staticscale LiteBN-StaticScale] epoch=31 CE=0.4125 valBA=0.7100
[OpenBMI fold=0 seed=OpenBMI_MI_fold0_staticscale LiteBN-StaticScale] epoch=35 CE=0.3711 valBA=0.7033
[OpenBMI fold=0 seed=OpenBMI_MI_fold0_staticscale LiteBN-StaticScale] epoch=40 CE=0.3573 valBA=0.7100
[OpenBMI fold=0 seed=OpenBMI_MI_fold0_staticscale LiteBN-StaticScale] epoch=43 CE=0.3536 valBA=0.7117
[OpenBMI fold=0 seed=OpenBMI_MI_fold0_staticscale LiteBN-StaticScale] epoch=45 CE=0.3450 valBA=0.6967
[OpenBMI fold=0 seed=OpenBMI_MI_fold0_staticscale LiteBN-StaticScale] epoch=50 CE=0.3188 valBA=0.6833
[OpenBMI fold=0 seed=OpenBMI_MI_fold0_staticscale LiteBN-StaticScale] epoch=55 CE=0.3166 valBA=0.6950
[OpenBMI fold=0 seed=OpenBMI_MI_fold0_staticscale LiteBN-StaticScale] epoch=57 CE=0.3273 valBA=0.7133
[OpenBMI fold=0 seed=OpenBMI_MI_fold0_staticscale LiteBN-StaticScale] epoch=60 CE=0.2804 valBA=0.6917
TRAIN_COMPLETE OpenBMI_MI 0 StaticScale
[OpenBMI fold=1 seed=OpenBMI_MI_fold1_staticscale LiteBN-StaticScale] epoch=01 CE=0.7390 valBA=0.5500
[OpenBMI fold=1 seed=OpenBMI_MI_fold1_staticscale LiteBN-StaticScale] epoch=05 CE=0.5871 valBA=0.6383
[OpenBMI fold=1 seed=OpenBMI_MI_fold1_staticscale LiteBN-StaticScale] epoch=10 CE=0.5086 valBA=0.6800
[OpenBMI fold=1 seed=OpenBMI_MI_fold1_staticscale LiteBN-StaticScale] epoch=11 CE=0.5522 valBA=0.7050
[OpenBMI fold=1 seed=OpenBMI_MI_fold1_staticscale LiteBN-StaticScale] epoch=13 CE=0.5156 valBA=0.7183
[OpenBMI fold=1 seed=OpenBMI_MI_fold1_staticscale LiteBN-StaticScale] epoch=14 CE=0.4991 valBA=0.7400
[OpenBMI fold=1 seed=OpenBMI_MI_fold1_staticscale LiteBN-StaticScale] epoch=15 CE=0.5205 valBA=0.7033
[OpenBMI fold=1 seed=OpenBMI_MI_fold1_staticscale LiteBN-StaticScale] epoch=20 CE=0.4606 valBA=0.7433
[OpenBMI fold=1 seed=OpenBMI_MI_fold1_staticscale LiteBN-StaticScale] epoch=22 CE=0.4433 valBA=0.7450
[OpenBMI fold=1 seed=OpenBMI_MI_fold1_staticscale LiteBN-StaticScale] epoch=25 CE=0.4431 valBA=0.7233
[OpenBMI fold=1 seed=OpenBMI_MI_fold1_staticscale LiteBN-StaticScale] epoch=27 CE=0.4408 valBA=0.7500
[OpenBMI fold=1 seed=OpenBMI_MI_fold1_staticscale LiteBN-StaticScale] epoch=28 CE=0.4371 valBA=0.7583
[OpenBMI fold=1 seed=OpenBMI_MI_fold1_staticscale LiteBN-StaticScale] epoch=30 CE=0.4028 valBA=0.7283
[OpenBMI fold=1 seed=OpenBMI_MI_fold1_staticscale LiteBN-StaticScale] epoch=35 CE=0.4026 valBA=0.7517
[OpenBMI fold=1 seed=OpenBMI_MI_fold1_staticscale LiteBN-StaticScale] epoch=37 CE=0.3794 valBA=0.7600
[OpenBMI fold=1 seed=OpenBMI_MI_fold1_staticscale LiteBN-StaticScale] epoch=38 CE=0.3641 valBA=0.7733
[OpenBMI fold=1 seed=OpenBMI_MI_fold1_staticscale LiteBN-StaticScale] epoch=40 CE=0.3621 valBA=0.7467
[OpenBMI fold=1 seed=OpenBMI_MI_fold1_staticscale LiteBN-StaticScale] epoch=45 CE=0.3585 valBA=0.7700
[OpenBMI fold=1 seed=OpenBMI_MI_fold1_staticscale LiteBN-StaticScale] epoch=50 CE=0.3311 valBA=0.7583
[OpenBMI fold=1 seed=OpenBMI_MI_fold1_staticscale LiteBN-StaticScale] epoch=55 CE=0.3222 valBA=0.7550
[OpenBMI fold=1 seed=OpenBMI_MI_fold1_staticscale LiteBN-StaticScale] epoch=60 CE=0.2884 valBA=0.7650
TRAIN_COMPLETE OpenBMI_MI 1 StaticScale
[OpenBMI fold=2 seed=OpenBMI_MI_fold2_staticscale LiteBN-StaticScale] epoch=01 CE=0.7130 valBA=0.6650
[OpenBMI fold=2 seed=OpenBMI_MI_fold2_staticscale LiteBN-StaticScale] epoch=05 CE=0.5654 valBA=0.7133
[OpenBMI fold=2 seed=OpenBMI_MI_fold2_staticscale LiteBN-StaticScale] epoch=10 CE=0.4970 valBA=0.7217
[OpenBMI fold=2 seed=OpenBMI_MI_fold2_staticscale LiteBN-StaticScale] epoch=11 CE=0.4606 valBA=0.7283
[OpenBMI fold=2 seed=OpenBMI_MI_fold2_staticscale LiteBN-StaticScale] epoch=12 CE=0.4808 valBA=0.7333
[OpenBMI fold=2 seed=OpenBMI_MI_fold2_staticscale LiteBN-StaticScale] epoch=15 CE=0.4265 valBA=0.7417
[OpenBMI fold=2 seed=OpenBMI_MI_fold2_staticscale LiteBN-StaticScale] epoch=16 CE=0.4273 valBA=0.7450
[OpenBMI fold=2 seed=OpenBMI_MI_fold2_staticscale LiteBN-StaticScale] epoch=20 CE=0.4177 valBA=0.7350
[OpenBMI fold=2 seed=OpenBMI_MI_fold2_staticscale LiteBN-StaticScale] epoch=24 CE=0.3716 valBA=0.7483
[OpenBMI fold=2 seed=OpenBMI_MI_fold2_staticscale LiteBN-StaticScale] epoch=25 CE=0.3835 valBA=0.7250
[OpenBMI fold=2 seed=OpenBMI_MI_fold2_staticscale LiteBN-StaticScale] epoch=30 CE=0.3525 valBA=0.7333
[OpenBMI fold=2 seed=OpenBMI_MI_fold2_staticscale LiteBN-StaticScale] epoch=35 CE=0.3297 valBA=0.7450
[OpenBMI fold=2 seed=OpenBMI_MI_fold2_staticscale LiteBN-StaticScale] epoch=40 CE=0.3150 valBA=0.7417
[OpenBMI fold=2 seed=OpenBMI_MI_fold2_staticscale LiteBN-StaticScale] epoch=42 CE=0.3228 valBA=0.7600
[OpenBMI fold=2 seed=OpenBMI_MI_fold2_staticscale LiteBN-StaticScale] epoch=45 CE=0.2845 valBA=0.7550
[OpenBMI fold=2 seed=OpenBMI_MI_fold2_staticscale LiteBN-StaticScale] epoch=49 CE=0.2880 valBA=0.7617
[OpenBMI fold=2 seed=OpenBMI_MI_fold2_staticscale LiteBN-StaticScale] epoch=50 CE=0.3047 valBA=0.7550
[OpenBMI fold=2 seed=OpenBMI_MI_fold2_staticscale LiteBN-StaticScale] epoch=51 CE=0.2742 valBA=0.7700
[OpenBMI fold=2 seed=OpenBMI_MI_fold2_staticscale LiteBN-StaticScale] epoch=55 CE=0.2567 valBA=0.7483
[OpenBMI fold=2 seed=OpenBMI_MI_fold2_staticscale LiteBN-StaticScale] epoch=59 CE=0.2365 valBA=0.7783
[OpenBMI fold=2 seed=OpenBMI_MI_fold2_staticscale LiteBN-StaticScale] epoch=60 CE=0.2759 valBA=0.7767
TRAIN_COMPLETE OpenBMI_MI 2 StaticScale
[OpenBMI fold=3 seed=OpenBMI_MI_fold3_staticscale LiteBN-StaticScale] epoch=01 CE=0.7123 valBA=0.6117
[OpenBMI fold=3 seed=OpenBMI_MI_fold3_staticscale LiteBN-StaticScale] epoch=05 CE=0.5482 valBA=0.6983
[OpenBMI fold=3 seed=OpenBMI_MI_fold3_staticscale LiteBN-StaticScale] epoch=10 CE=0.4934 valBA=0.7150
[OpenBMI fold=3 seed=OpenBMI_MI_fold3_staticscale LiteBN-StaticScale] epoch=12 CE=0.4591 valBA=0.7267
[OpenBMI fold=3 seed=OpenBMI_MI_fold3_staticscale LiteBN-StaticScale] epoch=15 CE=0.4611 valBA=0.7300
[OpenBMI fold=3 seed=OpenBMI_MI_fold3_staticscale LiteBN-StaticScale] epoch=16 CE=0.4536 valBA=0.7367
[OpenBMI fold=3 seed=OpenBMI_MI_fold3_staticscale LiteBN-StaticScale] epoch=20 CE=0.4086 valBA=0.7467
[OpenBMI fold=3 seed=OpenBMI_MI_fold3_staticscale LiteBN-StaticScale] epoch=25 CE=0.3676 valBA=0.7467
[OpenBMI fold=3 seed=OpenBMI_MI_fold3_staticscale LiteBN-StaticScale] epoch=30 CE=0.3679 valBA=0.7400
[OpenBMI fold=3 seed=OpenBMI_MI_fold3_staticscale LiteBN-StaticScale] epoch=35 CE=0.3453 valBA=0.7200
[OpenBMI fold=3 seed=OpenBMI_MI_fold3_staticscale LiteBN-StaticScale] epoch=40 CE=0.3347 valBA=0.7517
[OpenBMI fold=3 seed=OpenBMI_MI_fold3_staticscale LiteBN-StaticScale] epoch=43 CE=0.3354 valBA=0.7633
[OpenBMI fold=3 seed=OpenBMI_MI_fold3_staticscale LiteBN-StaticScale] epoch=45 CE=0.3177 valBA=0.7217
[OpenBMI fold=3 seed=OpenBMI_MI_fold3_staticscale LiteBN-StaticScale] epoch=50 CE=0.2833 valBA=0.7283
[OpenBMI fold=3 seed=OpenBMI_MI_fold3_staticscale LiteBN-StaticScale] epoch=54 CE=0.2946 valBA=0.7650
[OpenBMI fold=3 seed=OpenBMI_MI_fold3_staticscale LiteBN-StaticScale] epoch=55 CE=0.3112 valBA=0.7500
[OpenBMI fold=3 seed=OpenBMI_MI_fold3_staticscale LiteBN-StaticScale] epoch=56 CE=0.2951 valBA=0.7667
[OpenBMI fold=3 seed=OpenBMI_MI_fold3_staticscale LiteBN-StaticScale] epoch=60 CE=0.2623 valBA=0.7233
TRAIN_COMPLETE OpenBMI_MI 3 StaticScale
[OpenBMI fold=4 seed=OpenBMI_MI_fold4_staticscale LiteBN-StaticScale] epoch=01 CE=0.7010 valBA=0.5733
[OpenBMI fold=4 seed=OpenBMI_MI_fold4_staticscale LiteBN-StaticScale] epoch=05 CE=0.5202 valBA=0.6500
[OpenBMI fold=4 seed=OpenBMI_MI_fold4_staticscale LiteBN-StaticScale] epoch=10 CE=0.4686 valBA=0.6783
[OpenBMI fold=4 seed=OpenBMI_MI_fold4_staticscale LiteBN-StaticScale] epoch=12 CE=0.4592 valBA=0.6983
[OpenBMI fold=4 seed=OpenBMI_MI_fold4_staticscale LiteBN-StaticScale] epoch=13 CE=0.4723 valBA=0.7133
[OpenBMI fold=4 seed=OpenBMI_MI_fold4_staticscale LiteBN-StaticScale] epoch=15 CE=0.4058 valBA=0.7100
[OpenBMI fold=4 seed=OpenBMI_MI_fold4_staticscale LiteBN-StaticScale] epoch=17 CE=0.4349 valBA=0.7183
[OpenBMI fold=4 seed=OpenBMI_MI_fold4_staticscale LiteBN-StaticScale] epoch=20 CE=0.3858 valBA=0.7083
[OpenBMI fold=4 seed=OpenBMI_MI_fold4_staticscale LiteBN-StaticScale] epoch=21 CE=0.4057 valBA=0.7300
[OpenBMI fold=4 seed=OpenBMI_MI_fold4_staticscale LiteBN-StaticScale] epoch=25 CE=0.3880 valBA=0.7350
[OpenBMI fold=4 seed=OpenBMI_MI_fold4_staticscale LiteBN-StaticScale] epoch=30 CE=0.3623 valBA=0.7367
[OpenBMI fold=4 seed=OpenBMI_MI_fold4_staticscale LiteBN-StaticScale] epoch=31 CE=0.3435 valBA=0.7433
[OpenBMI fold=4 seed=OpenBMI_MI_fold4_staticscale LiteBN-StaticScale] epoch=35 CE=0.3270 valBA=0.7550
[OpenBMI fold=4 seed=OpenBMI_MI_fold4_staticscale LiteBN-StaticScale] epoch=40 CE=0.3370 valBA=0.7167
[OpenBMI fold=4 seed=OpenBMI_MI_fold4_staticscale LiteBN-StaticScale] epoch=43 CE=0.3215 valBA=0.7583
[OpenBMI fold=4 seed=OpenBMI_MI_fold4_staticscale LiteBN-StaticScale] epoch=45 CE=0.3098 valBA=0.7400
[OpenBMI fold=4 seed=OpenBMI_MI_fold4_staticscale LiteBN-StaticScale] epoch=50 CE=0.2959 valBA=0.7433
[OpenBMI fold=4 seed=OpenBMI_MI_fold4_staticscale LiteBN-StaticScale] epoch=55 CE=0.3102 valBA=0.7433
[OpenBMI fold=4 seed=OpenBMI_MI_fold4_staticscale LiteBN-StaticScale] epoch=60 CE=0.2542 valBA=0.7450
TRAIN_COMPLETE OpenBMI_MI 4 StaticScale
[OpenBMI fold=0 seed=OpenBMI_MI_fold0_tsw LiteBN-TSW] epoch=01 CE=0.7194 valBA=0.5783
[OpenBMI fold=0 seed=OpenBMI_MI_fold0_tsw LiteBN-TSW] epoch=05 CE=0.5735 valBA=0.6333
[OpenBMI fold=0 seed=OpenBMI_MI_fold0_tsw LiteBN-TSW] epoch=10 CE=0.5114 valBA=0.6700
[OpenBMI fold=0 seed=OpenBMI_MI_fold0_tsw LiteBN-TSW] epoch=13 CE=0.4840 valBA=0.6750
[OpenBMI fold=0 seed=OpenBMI_MI_fold0_tsw LiteBN-TSW] epoch=15 CE=0.4573 valBA=0.6867
[OpenBMI fold=0 seed=OpenBMI_MI_fold0_tsw LiteBN-TSW] epoch=20 CE=0.4371 valBA=0.6833
[OpenBMI fold=0 seed=OpenBMI_MI_fold0_tsw LiteBN-TSW] epoch=25 CE=0.4142 valBA=0.6567
[OpenBMI fold=0 seed=OpenBMI_MI_fold0_tsw LiteBN-TSW] epoch=29 CE=0.3999 valBA=0.7000
[OpenBMI fold=0 seed=OpenBMI_MI_fold0_tsw LiteBN-TSW] epoch=30 CE=0.3778 valBA=0.6550
[OpenBMI fold=0 seed=OpenBMI_MI_fold0_tsw LiteBN-TSW] epoch=31 CE=0.4124 valBA=0.7117
[OpenBMI fold=0 seed=OpenBMI_MI_fold0_tsw LiteBN-TSW] epoch=35 CE=0.3708 valBA=0.7000
[OpenBMI fold=0 seed=OpenBMI_MI_fold0_tsw LiteBN-TSW] epoch=40 CE=0.3571 valBA=0.7100
[OpenBMI fold=0 seed=OpenBMI_MI_fold0_tsw LiteBN-TSW] epoch=43 CE=0.3534 valBA=0.7133
[OpenBMI fold=0 seed=OpenBMI_MI_fold0_tsw LiteBN-TSW] epoch=45 CE=0.3447 valBA=0.6950
[OpenBMI fold=0 seed=OpenBMI_MI_fold0_tsw LiteBN-TSW] epoch=50 CE=0.3187 valBA=0.6850
[OpenBMI fold=0 seed=OpenBMI_MI_fold0_tsw LiteBN-TSW] epoch=55 CE=0.3165 valBA=0.6933
[OpenBMI fold=0 seed=OpenBMI_MI_fold0_tsw LiteBN-TSW] epoch=57 CE=0.3268 valBA=0.7150
[OpenBMI fold=0 seed=OpenBMI_MI_fold0_tsw LiteBN-TSW] epoch=60 CE=0.2804 valBA=0.6933
TRAIN_COMPLETE OpenBMI_MI 0 TSW
[OpenBMI fold=1 seed=OpenBMI_MI_fold1_tsw LiteBN-TSW] epoch=01 CE=0.7390 valBA=0.5500
[OpenBMI fold=1 seed=OpenBMI_MI_fold1_tsw LiteBN-TSW] epoch=05 CE=0.5871 valBA=0.6383
[OpenBMI fold=1 seed=OpenBMI_MI_fold1_tsw LiteBN-TSW] epoch=10 CE=0.5085 valBA=0.6800
[OpenBMI fold=1 seed=OpenBMI_MI_fold1_tsw LiteBN-TSW] epoch=11 CE=0.5522 valBA=0.7050
[OpenBMI fold=1 seed=OpenBMI_MI_fold1_tsw LiteBN-TSW] epoch=13 CE=0.5156 valBA=0.7183
[OpenBMI fold=1 seed=OpenBMI_MI_fold1_tsw LiteBN-TSW] epoch=14 CE=0.4991 valBA=0.7383
[OpenBMI fold=1 seed=OpenBMI_MI_fold1_tsw LiteBN-TSW] epoch=15 CE=0.5205 valBA=0.7033
[OpenBMI fold=1 seed=OpenBMI_MI_fold1_tsw LiteBN-TSW] epoch=20 CE=0.4606 valBA=0.7400
[OpenBMI fold=1 seed=OpenBMI_MI_fold1_tsw LiteBN-TSW] epoch=22 CE=0.4431 valBA=0.7467
[OpenBMI fold=1 seed=OpenBMI_MI_fold1_tsw LiteBN-TSW] epoch=25 CE=0.4431 valBA=0.7250
[OpenBMI fold=1 seed=OpenBMI_MI_fold1_tsw LiteBN-TSW] epoch=27 CE=0.4407 valBA=0.7483
[OpenBMI fold=1 seed=OpenBMI_MI_fold1_tsw LiteBN-TSW] epoch=28 CE=0.4371 valBA=0.7600
[OpenBMI fold=1 seed=OpenBMI_MI_fold1_tsw LiteBN-TSW] epoch=30 CE=0.4027 valBA=0.7300
[OpenBMI fold=1 seed=OpenBMI_MI_fold1_tsw LiteBN-TSW] epoch=35 CE=0.4021 valBA=0.7517
[OpenBMI fold=1 seed=OpenBMI_MI_fold1_tsw LiteBN-TSW] epoch=38 CE=0.3640 valBA=0.7717
[OpenBMI fold=1 seed=OpenBMI_MI_fold1_tsw LiteBN-TSW] epoch=40 CE=0.3617 valBA=0.7483
[OpenBMI fold=1 seed=OpenBMI_MI_fold1_tsw LiteBN-TSW] epoch=45 CE=0.3583 valBA=0.7717
[OpenBMI fold=1 seed=OpenBMI_MI_fold1_tsw LiteBN-TSW] epoch=50 CE=0.3308 valBA=0.7567
[OpenBMI fold=1 seed=OpenBMI_MI_fold1_tsw LiteBN-TSW] epoch=55 CE=0.3220 valBA=0.7533
[OpenBMI fold=1 seed=OpenBMI_MI_fold1_tsw LiteBN-TSW] epoch=60 CE=0.2882 valBA=0.7650
TRAIN_COMPLETE OpenBMI_MI 1 TSW
[OpenBMI fold=2 seed=OpenBMI_MI_fold2_tsw LiteBN-TSW] epoch=01 CE=0.7130 valBA=0.6650
[OpenBMI fold=2 seed=OpenBMI_MI_fold2_tsw LiteBN-TSW] epoch=05 CE=0.5655 valBA=0.7133
[OpenBMI fold=2 seed=OpenBMI_MI_fold2_tsw LiteBN-TSW] epoch=10 CE=0.4971 valBA=0.7200
[OpenBMI fold=2 seed=OpenBMI_MI_fold2_tsw LiteBN-TSW] epoch=11 CE=0.4608 valBA=0.7250
[OpenBMI fold=2 seed=OpenBMI_MI_fold2_tsw LiteBN-TSW] epoch=12 CE=0.4809 valBA=0.7300
[OpenBMI fold=2 seed=OpenBMI_MI_fold2_tsw LiteBN-TSW] epoch=13 CE=0.4377 valBA=0.7350
[OpenBMI fold=2 seed=OpenBMI_MI_fold2_tsw LiteBN-TSW] epoch=15 CE=0.4266 valBA=0.7433
[OpenBMI fold=2 seed=OpenBMI_MI_fold2_tsw LiteBN-TSW] epoch=16 CE=0.4274 valBA=0.7450
[OpenBMI fold=2 seed=OpenBMI_MI_fold2_tsw LiteBN-TSW] epoch=20 CE=0.4176 valBA=0.7333
[OpenBMI fold=2 seed=OpenBMI_MI_fold2_tsw LiteBN-TSW] epoch=24 CE=0.3715 valBA=0.7483
[OpenBMI fold=2 seed=OpenBMI_MI_fold2_tsw LiteBN-TSW] epoch=25 CE=0.3836 valBA=0.7283
[OpenBMI fold=2 seed=OpenBMI_MI_fold2_tsw LiteBN-TSW] epoch=30 CE=0.3523 valBA=0.7317
[OpenBMI fold=2 seed=OpenBMI_MI_fold2_tsw LiteBN-TSW] epoch=35 CE=0.3290 valBA=0.7433
[OpenBMI fold=2 seed=OpenBMI_MI_fold2_tsw LiteBN-TSW] epoch=40 CE=0.3143 valBA=0.7417
[OpenBMI fold=2 seed=OpenBMI_MI_fold2_tsw LiteBN-TSW] epoch=42 CE=0.3223 valBA=0.7633
[OpenBMI fold=2 seed=OpenBMI_MI_fold2_tsw LiteBN-TSW] epoch=45 CE=0.2839 valBA=0.7533
[OpenBMI fold=2 seed=OpenBMI_MI_fold2_tsw LiteBN-TSW] epoch=50 CE=0.3042 valBA=0.7550
[OpenBMI fold=2 seed=OpenBMI_MI_fold2_tsw LiteBN-TSW] epoch=51 CE=0.2738 valBA=0.7700
[OpenBMI fold=2 seed=OpenBMI_MI_fold2_tsw LiteBN-TSW] epoch=55 CE=0.2562 valBA=0.7483
[OpenBMI fold=2 seed=OpenBMI_MI_fold2_tsw LiteBN-TSW] epoch=59 CE=0.2358 valBA=0.7767
[OpenBMI fold=2 seed=OpenBMI_MI_fold2_tsw LiteBN-TSW] epoch=60 CE=0.2754 valBA=0.7750
TRAIN_COMPLETE OpenBMI_MI 2 TSW
[OpenBMI fold=3 seed=OpenBMI_MI_fold3_tsw LiteBN-TSW] epoch=01 CE=0.7123 valBA=0.6133
[OpenBMI fold=3 seed=OpenBMI_MI_fold3_tsw LiteBN-TSW] epoch=05 CE=0.5482 valBA=0.6983
[OpenBMI fold=3 seed=OpenBMI_MI_fold3_tsw LiteBN-TSW] epoch=10 CE=0.4934 valBA=0.7150
[OpenBMI fold=3 seed=OpenBMI_MI_fold3_tsw LiteBN-TSW] epoch=12 CE=0.4591 valBA=0.7250
[OpenBMI fold=3 seed=OpenBMI_MI_fold3_tsw LiteBN-TSW] epoch=14 CE=0.4459 valBA=0.7267
[OpenBMI fold=3 seed=OpenBMI_MI_fold3_tsw LiteBN-TSW] epoch=15 CE=0.4611 valBA=0.7300
[OpenBMI fold=3 seed=OpenBMI_MI_fold3_tsw LiteBN-TSW] epoch=16 CE=0.4536 valBA=0.7367
[OpenBMI fold=3 seed=OpenBMI_MI_fold3_tsw LiteBN-TSW] epoch=20 CE=0.4085 valBA=0.7483
[OpenBMI fold=3 seed=OpenBMI_MI_fold3_tsw LiteBN-TSW] epoch=25 CE=0.3676 valBA=0.7467
[OpenBMI fold=3 seed=OpenBMI_MI_fold3_tsw LiteBN-TSW] epoch=30 CE=0.3678 valBA=0.7383
[OpenBMI fold=3 seed=OpenBMI_MI_fold3_tsw LiteBN-TSW] epoch=35 CE=0.3453 valBA=0.7233
[OpenBMI fold=3 seed=OpenBMI_MI_fold3_tsw LiteBN-TSW] epoch=40 CE=0.3344 valBA=0.7533
[OpenBMI fold=3 seed=OpenBMI_MI_fold3_tsw LiteBN-TSW] epoch=43 CE=0.3351 valBA=0.7650
[OpenBMI fold=3 seed=OpenBMI_MI_fold3_tsw LiteBN-TSW] epoch=45 CE=0.3174 valBA=0.7233
[OpenBMI fold=3 seed=OpenBMI_MI_fold3_tsw LiteBN-TSW] epoch=50 CE=0.2832 valBA=0.7283
[OpenBMI fold=3 seed=OpenBMI_MI_fold3_tsw LiteBN-TSW] epoch=55 CE=0.3104 valBA=0.7483
[OpenBMI fold=3 seed=OpenBMI_MI_fold3_tsw LiteBN-TSW] epoch=56 CE=0.2949 valBA=0.7733
[OpenBMI fold=3 seed=OpenBMI_MI_fold3_tsw LiteBN-TSW] epoch=60 CE=0.2616 valBA=0.7250
TRAIN_COMPLETE OpenBMI_MI 3 TSW
[OpenBMI fold=4 seed=OpenBMI_MI_fold4_tsw LiteBN-TSW] epoch=01 CE=0.7010 valBA=0.5750
[OpenBMI fold=4 seed=OpenBMI_MI_fold4_tsw LiteBN-TSW] epoch=05 CE=0.5202 valBA=0.6500
[OpenBMI fold=4 seed=OpenBMI_MI_fold4_tsw LiteBN-TSW] epoch=10 CE=0.4687 valBA=0.6767
[OpenBMI fold=4 seed=OpenBMI_MI_fold4_tsw LiteBN-TSW] epoch=12 CE=0.4593 valBA=0.6967
[OpenBMI fold=4 seed=OpenBMI_MI_fold4_tsw LiteBN-TSW] epoch=13 CE=0.4723 valBA=0.7167
[OpenBMI fold=4 seed=OpenBMI_MI_fold4_tsw LiteBN-TSW] epoch=15 CE=0.4059 valBA=0.7100
[OpenBMI fold=4 seed=OpenBMI_MI_fold4_tsw LiteBN-TSW] epoch=17 CE=0.4348 valBA=0.7217
[OpenBMI fold=4 seed=OpenBMI_MI_fold4_tsw LiteBN-TSW] epoch=20 CE=0.3858 valBA=0.7083
[OpenBMI fold=4 seed=OpenBMI_MI_fold4_tsw LiteBN-TSW] epoch=21 CE=0.4055 valBA=0.7350
[OpenBMI fold=4 seed=OpenBMI_MI_fold4_tsw LiteBN-TSW] epoch=25 CE=0.3876 valBA=0.7350
[OpenBMI fold=4 seed=OpenBMI_MI_fold4_tsw LiteBN-TSW] epoch=30 CE=0.3620 valBA=0.7333
[OpenBMI fold=4 seed=OpenBMI_MI_fold4_tsw LiteBN-TSW] epoch=31 CE=0.3428 valBA=0.7417
[OpenBMI fold=4 seed=OpenBMI_MI_fold4_tsw LiteBN-TSW] epoch=35 CE=0.3259 valBA=0.7550
[OpenBMI fold=4 seed=OpenBMI_MI_fold4_tsw LiteBN-TSW] epoch=40 CE=0.3355 valBA=0.7233
[OpenBMI fold=4 seed=OpenBMI_MI_fold4_tsw LiteBN-TSW] epoch=45 CE=0.3090 valBA=0.7350
[OpenBMI fold=4 seed=OpenBMI_MI_fold4_tsw LiteBN-TSW] epoch=50 CE=0.2948 valBA=0.7383
[OpenBMI fold=4 seed=OpenBMI_MI_fold4_tsw LiteBN-TSW] epoch=55 CE=0.3090 valBA=0.7450
[OpenBMI fold=4 seed=OpenBMI_MI_fold4_tsw LiteBN-TSW] epoch=60 CE=0.2528 valBA=0.7417
TRAIN_COMPLETE OpenBMI_MI 4 TSW
EVAL_COMPLETE OpenBMI_MI 0 StaticScale outer
EVAL_COMPLETE OpenBMI_MI 1 StaticScale outer
EVAL_COMPLETE OpenBMI_MI 2 StaticScale outer
EVAL_COMPLETE OpenBMI_MI 3 StaticScale outer
EVAL_COMPLETE OpenBMI_MI 4 StaticScale outer
EVAL_COMPLETE OpenBMI_MI 0 StaticScale heldout
EVAL_COMPLETE OpenBMI_MI 1 StaticScale heldout
EVAL_COMPLETE OpenBMI_MI 2 StaticScale heldout
EVAL_COMPLETE OpenBMI_MI 3 StaticScale heldout
EVAL_COMPLETE OpenBMI_MI 4 StaticScale heldout
EVAL_COMPLETE OpenBMI_MI 0 TSW outer
EVAL_COMPLETE OpenBMI_MI 1 TSW outer
EVAL_COMPLETE OpenBMI_MI 2 TSW outer
EVAL_COMPLETE OpenBMI_MI 3 TSW outer
EVAL_COMPLETE OpenBMI_MI 4 TSW outer
EVAL_COMPLETE OpenBMI_MI 0 TSW heldout
EVAL_COMPLETE OpenBMI_MI 1 TSW heldout
EVAL_COMPLETE OpenBMI_MI 2 TSW heldout
EVAL_COMPLETE OpenBMI_MI 3 TSW heldout
EVAL_COMPLETE OpenBMI_MI 4 TSW heldout
