REPLAY OpenBMI_MI 0 outer maxerr 0.0
REPLAY OpenBMI_MI 1 outer maxerr 0.0
REPLAY OpenBMI_MI 2 outer maxerr 0.0
REPLAY OpenBMI_MI 3 outer maxerr 0.0
REPLAY OpenBMI_MI 4 outer maxerr 0.0
REPLAY OpenBMI_ERP 0 outer maxerr 0.0
REPLAY OpenBMI_ERP 1 outer maxerr 0.0
REPLAY OpenBMI_ERP 2 outer maxerr 0.0
REPLAY OpenBMI_ERP 3 outer maxerr 0.0
REPLAY OpenBMI_ERP 4 outer maxerr 0.0
REPLAY OpenBMI_SSVEP 0 outer maxerr 0.0
REPLAY OpenBMI_SSVEP 1 outer maxerr 0.0
REPLAY OpenBMI_SSVEP 2 outer maxerr 0.0
REPLAY OpenBMI_SSVEP 3 outer maxerr 0.0
REPLAY OpenBMI_SSVEP 4 outer maxerr 0.0
REPLAY WBCIC_MI 0 outer maxerr 0.0
REPLAY WBCIC_MI 1 outer maxerr 0.0
REPLAY WBCIC_MI 2 outer maxerr 0.0
REPLAY WBCIC_MI 3 outer maxerr 0.0
REPLAY WBCIC_MI 4 outer maxerr 0.0
REPLAY OpenBMI_MI 0 heldout maxerr 0.0
REPLAY OpenBMI_MI 1 heldout maxerr 0.0
REPLAY OpenBMI_MI 2 heldout maxerr 0.0
REPLAY OpenBMI_MI 3 heldout maxerr 0.0
REPLAY OpenBMI_MI 4 heldout maxerr 0.0
REPLAY OpenBMI_ERP 0 heldout maxerr 0.0
REPLAY OpenBMI_ERP 1 heldout maxerr 0.0
REPLAY OpenBMI_ERP 2 heldout maxerr 0.0
REPLAY OpenBMI_ERP 3 heldout maxerr 0.0
REPLAY OpenBMI_ERP 4 heldout maxerr 0.0
REPLAY OpenBMI_SSVEP 0 heldout maxerr 0.0
REPLAY OpenBMI_SSVEP 1 heldout maxerr 0.0
REPLAY OpenBMI_SSVEP 2 heldout maxerr 0.0
REPLAY OpenBMI_SSVEP 3 heldout maxerr 0.0
REPLAY OpenBMI_SSVEP 4 heldout maxerr 0.0
REPLAY WBCIC_MI 0 heldout maxerr 0.0
REPLAY WBCIC_MI 1 heldout maxerr 0.0
REPLAY WBCIC_MI 2 heldout maxerr 0.0
REPLAY WBCIC_MI 3 heldout maxerr 0.0
REPLAY WBCIC_MI 4 heldout maxerr 0.0
CALIBRATED_OUTER OpenBMI_MI 0 trials 2600
CALIBRATED_OUTER OpenBMI_MI 1 trials 2600
CALIBRATED_OUTER OpenBMI_MI 2 trials 2600
CALIBRATED_OUTER OpenBMI_MI 3 trials 2600
CALIBRATED_OUTER OpenBMI_MI 4 trials 2600
CALIBRATED_OUTER OpenBMI_ERP 0 trials 51480
CALIBRATED_OUTER OpenBMI_ERP 1 trials 51480
CALIBRATED_OUTER OpenBMI_ERP 2 trials 51480
CALIBRATED_OUTER OpenBMI_ERP 3 trials 51480
CALIBRATED_OUTER OpenBMI_ERP 4 trials 51480
CALIBRATED_OUTER OpenBMI_SSVEP 0 trials 2600
CALIBRATED_OUTER OpenBMI_SSVEP 1 trials 2600
CALIBRATED_OUTER OpenBMI_SSVEP 2 trials 2600
CALIBRATED_OUTER OpenBMI_SSVEP 3 trials 2600
CALIBRATED_OUTER OpenBMI_SSVEP 4 trials 2600
CALIBRATED_OUTER WBCIC_MI 0 trials 7597
CALIBRATED_OUTER WBCIC_MI 1 trials 7997
CALIBRATED_OUTER WBCIC_MI 2 trials 7998
CALIBRATED_OUTER WBCIC_MI 3 trials 7998
CALIBRATED_OUTER WBCIC_MI 4 trials 7996
PRECISE_HELDOUT OpenBMI_MI 0
PRECISE_HELDOUT OpenBMI_MI 1
PRECISE_HELDOUT OpenBMI_MI 2
PRECISE_HELDOUT OpenBMI_MI 3
PRECISE_HELDOUT OpenBMI_MI 4
PRECISE_HELDOUT OpenBMI_ERP 0
PRECISE_HELDOUT OpenBMI_ERP 1
PRECISE_HELDOUT OpenBMI_ERP 2
PRECISE_HELDOUT OpenBMI_ERP 3
PRECISE_HELDOUT OpenBMI_ERP 4
PRECISE_HELDOUT OpenBMI_SSVEP 0
PRECISE_HELDOUT OpenBMI_SSVEP 1
PRECISE_HELDOUT OpenBMI_SSVEP 2
PRECISE_HELDOUT OpenBMI_SSVEP 3
PRECISE_HELDOUT OpenBMI_SSVEP 4
PRECISE_HELDOUT WBCIC_MI 0
PRECISE_HELDOUT WBCIC_MI 1
PRECISE_HELDOUT WBCIC_MI 2
PRECISE_HELDOUT WBCIC_MI 3
PRECISE_HELDOUT WBCIC_MI 4
PRECISE_BN_NO_USEFUL_SIGNAL
