[exp4] fold=0 seed=0 rank=8 generic={'seed': 0, 'fold': 0, 'C': 0.1, 'beta': 0.25, 'source_subjects': 31, 'source_noadapt_BA': 0.8177419354838709, 'source_generic_BA': 0.8193548387096774, 'source_delta': 0.0016129032258064566, 'source_negative_transfer_rate': 0.3870967741935484}
[exp4] fold=0 seed=1 rank=8 generic={'seed': 1, 'fold': 0, 'C': 0.1, 'beta': 0.25, 'source_subjects': 31, 'source_noadapt_BA': 0.8080645161290323, 'source_generic_BA': 0.8058064516129031, 'source_delta': -0.0022580645161290234, 'source_negative_transfer_rate': 0.5806451612903226}
[exp4] fold=0 seed=2 rank=8 generic={'seed': 2, 'fold': 0, 'C': 0.1, 'beta': 0.25, 'source_subjects': 31, 'source_noadapt_BA': 0.8251612903225807, 'source_generic_BA': 0.8258064516129032, 'source_delta': 0.0006451612903225812, 'source_negative_transfer_rate': 0.3225806451612903}
[exp4] fold=1 seed=0 rank=8 generic={'seed': 0, 'fold': 1, 'C': 0.1, 'beta': 0.25, 'source_subjects': 31, 'source_noadapt_BA': 0.8138709677419353, 'source_generic_BA': 0.8174193548387098, 'source_delta': 0.003548387096774211, 'source_negative_transfer_rate': 0.3225806451612903}
[exp4] fold=1 seed=1 rank=8 generic={'seed': 1, 'fold': 1, 'C': 0.1, 'beta': 0.75, 'source_subjects': 31, 'source_noadapt_BA': 0.8116129032258064, 'source_generic_BA': 0.8161290322580647, 'source_delta': 0.004516129032258075, 'source_negative_transfer_rate': 0.3870967741935484}
[exp4] fold=1 seed=2 rank=8 generic={'seed': 2, 'fold': 1, 'C': 0.1, 'beta': 0.25, 'source_subjects': 31, 'source_noadapt_BA': 0.8119354838709678, 'source_generic_BA': 0.8077419354838711, 'source_delta': -0.0041935483870967636, 'source_negative_transfer_rate': 0.4838709677419355}
[exp4] fold=2 seed=0 rank=8 generic={'seed': 0, 'fold': 2, 'C': 0.1, 'beta': 0.5, 'source_subjects': 34, 'source_noadapt_BA': 0.8541176470588234, 'source_generic_BA': 0.8570588235294117, 'source_delta': 0.0029411764705882214, 'source_negative_transfer_rate': 0.4411764705882353}
[exp4] fold=2 seed=1 rank=8 generic={'seed': 1, 'fold': 2, 'C': 0.1, 'beta': 0.25, 'source_subjects': 34, 'source_noadapt_BA': 0.8364705882352942, 'source_generic_BA': 0.833235294117647, 'source_delta': -0.003235294117647062, 'source_negative_transfer_rate': 0.4117647058823529}
[exp4] fold=2 seed=2 rank=8 generic={'seed': 2, 'fold': 2, 'C': 0.1, 'beta': 0.25, 'source_subjects': 34, 'source_noadapt_BA': 0.8311764705882352, 'source_generic_BA': 0.8320588235294116, 'source_delta': 0.0008823529411764746, 'source_negative_transfer_rate': 0.3235294117647059}
[exp4] fold=3 seed=0 rank=8 generic={'seed': 0, 'fold': 3, 'C': 0.1, 'beta': 0.25, 'source_subjects': 31, 'source_noadapt_BA': 0.823225806451613, 'source_generic_BA': 0.8222580645161289, 'source_delta': -0.0009677419354838611, 'source_negative_transfer_rate': 0.45161290322580644}
[exp4] fold=3 seed=1 rank=8 generic={'seed': 1, 'fold': 3, 'C': 0.1, 'beta': 0.25, 'source_subjects': 31, 'source_noadapt_BA': 0.804193548387097, 'source_generic_BA': 0.8035483870967743, 'source_delta': -0.0006451612903225955, 'source_negative_transfer_rate': 0.2903225806451613}
[exp4] fold=3 seed=2 rank=8 generic={'seed': 2, 'fold': 3, 'C': 0.1, 'beta': 0.25, 'source_subjects': 31, 'source_noadapt_BA': 0.8116129032258066, 'source_generic_BA': 0.8145161290322581, 'source_delta': 0.0029032258064516153, 'source_negative_transfer_rate': 0.3225806451612903}
[exp4] fold=4 seed=0 rank=8 generic={'seed': 0, 'fold': 4, 'C': 0.1, 'beta': 0.25, 'source_subjects': 33, 'source_noadapt_BA': 0.8363636363636363, 'source_generic_BA': 0.8357575757575758, 'source_delta': -0.0006060606060606032, 'source_negative_transfer_rate': 0.42424242424242425}
[exp4] fold=4 seed=1 rank=8 generic={'seed': 1, 'fold': 4, 'C': 0.1, 'beta': 0.25, 'source_subjects': 33, 'source_noadapt_BA': 0.826060606060606, 'source_generic_BA': 0.8266666666666667, 'source_delta': 0.0006060606060606066, 'source_negative_transfer_rate': 0.3333333333333333}
[exp4] fold=4 seed=2 rank=8 generic={'seed': 2, 'fold': 4, 'C': 0.1, 'beta': 0.5, 'source_subjects': 33, 'source_noadapt_BA': 0.8230303030303029, 'source_generic_BA': 0.8248484848484848, 'source_delta': 0.0018181818181818097, 'source_negative_transfer_rate': 0.48484848484848486}
{
  "gate": {
    "terminal_state": "EXP4_PERSIST_GUARD_NOT_SUPPORTED",
    "development_gate_pass": false,
    "selected_development_variant": "V2_PERSIST_FIXED_SHRINK",
    "checks": {
      "A_delta_at_least_0_5pp": false,
      "B_positive_in_4_of_5_folds": false,
      "C_harm_reduction_at_least_35pct": false,
      "D_rescue_at_least_half_harms": false,
      "E_new_harms_at_most_2": true,
      "F_worst_quartile_non_decreasing": true,
      "G_beats_identity_and_confidence": true,
      "H_PERSIST_AUROC_at_least_0_65": false,
      "I_harmed_risk_higher": true,
      "J_all_three_seed_deltas_nonnegative": false
    },
    "checks_passed": 4,
    "checks_total": 10,
    "Strong_Generic_BA": 0.77275,
    "PERSIST_Guard_BA": 0.7737499999999999,
    "delta_vs_generic": 0.000999999999999998,
    "paired_CI95": [
      -0.0012562500000000035,
      0.0034999999999999975
    ],
    "generic_negative_transfer_rate": 0.225,
    "guard_negative_transfer_rate": 0.175,
    "generic_harmed_subjects": 9,
    "rescued_harms": 3,
    "new_harms": 1,
    "PERSIST_AUROC": 0.6129032258064516,
    "confidence_AUROC": 0.7275985663082437,
    "identity_AUROC": 0.4551971326164875,
    "worst_quartile_delta": 0.002000000000000113,
    "fold_positive_count": 2,
    "internal_holdout_used": false,
    "holdout_access_authorized": false,
    "WBCIC_used": false
  },
  "report": {
    "final_strongest_clean_Generic_BA": 0.77275,
    "historical_83_775_legal": false,
    "final_PERSIST_Guard_BA": 0.7737499999999999,
    "delta_PERSIST_vs_Generic": 0.000999999999999998,
    "paired_95_CI": [
      -0.0012562500000000035,
      0.0034999999999999975
    ],
    "fold_positive_count": 2,
    "Generic_negative_transfer_rate": 0.225,
    "PERSIST_negative_transfer_rate": 0.175,
    "Generic_harmed_subjects": 9,
    "rescued_by_PERSIST": 3,
    "newly_harmed": 1,
    "PERSIST_risk_AUROC": 0.6129032258064516,
    "confidence_AUROC": 0.7275985663082437,
    "identity_AUROC": 0.4551971326164875,
    "PERSIST_beats_identity_AUROC": true,
    "PERSIST_beats_confidence_update_performance": false,
    "worst_quartile_change": 0.002000000000000113,
    "three_seed_results": [
      {
        "seed": 0,
        "subjects": 40,
        "NoAdapt_BA": 0.75725,
        "Strong_Generic_BA": 0.7655,
        "PERSIST_Guard_BA": 0.76575,
        "delta_vs_generic": 0.00024999999999999746,
        "internal_holdout_used": false
      },
      {
        "seed": 1,
        "subjects": 40,
        "NoAdapt_BA": 0.7394999999999999,
        "Strong_Generic_BA": 0.7422500000000001,
        "PERSIST_Guard_BA": 0.741,
        "delta_vs_generic": -0.0012500000000000011,
        "internal_holdout_used": false
      },
      {
        "seed": 2,
        "subjects": 40,
        "NoAdapt_BA": 0.75225,
        "Strong_Generic_BA": 0.7537499999999999,
        "PERSIST_Guard_BA": 0.755,
        "delta_vs_generic": 0.0012500000000000011,
        "internal_holdout_used": false
      }
    ],
    "three_seed_summary_individual_models": {
      "NoAdapt_BA_mean": 0.7496666666666667,
      "NoAdapt_BA_SD": 0.00915264078467705,
      "Strong_Generic_BA_mean": 0.7538333333333332,
      "Strong_Generic_BA_SD": 0.011625224012178517,
      "PERSIST_Guard_BA_mean": 0.7539166666666667,
      "PERSIST_Guard_BA_SD": 0.012410513016524898,
      "delta_vs_generic_mean": 8.333333333333246e-05,
      "delta_vs_generic_SD": 0.0012583057392117926
    },
    "development_gate": "FAIL",
    "internal_holdout_accessed": false,
    "holdout_Generic_BA": null,
    "holdout_PERSIST_BA": null,
    "holdout_harm_reduction": null,
    "second_backbone_result": "NOT_REACHED",
    "WBCIC_result": "NOT_REACHED",
    "terminal_state": "EXP4_PERSIST_GUARD_NOT_SUPPORTED",
    "strongest_justified_claim": "A bounded, source-only decision-grounded guard was evaluated on the authorized development split; its support is exactly the terminal state and metrics reported here.",
    "strongest_unsupported_claim": "PERSIST-Guard is confirmed on the sealed internal holdout, transfers across backbones, or generalizes to WBCIC."
  }
}
